// Jest Snapshot v1, https://goo.gl/fbAQLP

exports[`renders Testing correctly 1`] = `
<section
  className="testing"
>
  <article
    className="text-center md-0 p-5"
  >
    <h1>
      Joe
    </h1>
    <p
      data-testid="paragraph"
    >
      Test
    </p>
  </article>
</section>
`;
